[ 2026-08-13 20:15:04,708 ] 22 root - INFO - Starting data preprocessing
[ 2026-08-13 20:15:04,737 ] 29 root - INFO - Train shape: (2332, 35), Validataion shape: (499, 35), Test shape: (501, 35) 
[ 2026-08-13 20:15:04,757 ] 66 root - INFO - Feature scaling completed successfully
[ 2026-08-13 20:15:04,757 ] 20 root - INFO - Starting sequence creation
[ 2026-08-13 20:15:04,758 ] 22 root - INFO - Input x shape: (2332, 33)
[ 2026-08-13 20:15:04,758 ] 23 root - INFO - Input y shape: (2332,)
[ 2026-08-13 20:15:04,765 ] 46 root - INFO - Sequence creation completed
[ 2026-08-13 20:15:04,765 ] 50 root - INFO - X sequence shape: (2302, 30, 33), Y sequence shape: (2302,)
[ 2026-08-13 20:15:04,765 ] 80 root - INFO - Starting evaluation sequence creation
[ 2026-08-13 20:15:04,769 ] 122 root - INFO - Evaluation sequence shape: (499, 30, 33)
[ 2026-08-13 20:15:04,769 ] 127 root - INFO - Evaluation target shape: (499,)
[ 2026-08-13 20:15:04,769 ] 80 root - INFO - Starting evaluation sequence creation
[ 2026-08-13 20:15:04,771 ] 122 root - INFO - Evaluation sequence shape: (501, 30, 33)
[ 2026-08-13 20:15:04,771 ] 127 root - INFO - Evaluation target shape: (501,)
[ 2026-08-13 20:15:04,854 ] 464 tensorflow - WARNING - TensorFlow GPU support is not available on native Windows for TensorFlow >= 2.11. Even if CUDA/cuDNN are installed, GPU will not be used. Please use WSL2 or the TensorFlow-DirectML plugin.
[ 2026-08-13 20:15:04,856 ] 56 root - INFO - Starting LSTM model training
[ 2026-08-13 20:15:04,856 ] 60 root - INFO - Training input shape: (2302, 30, 33)
[ 2026-08-13 20:15:04,856 ] 64 root - INFO - Validation input shape: (499, 30, 33)
[ 2026-08-13 20:15:12,885 ] 88 root - INFO - LSTM model training completed
[ 2026-08-13 20:15:12,885 ] 104 root - INFO - Generating LSTM prediction for shape: (499, 30, 33)
[ 2026-08-13 20:15:13,160 ] 136 root - INFO - Evaluating LSTM model
[ 2026-08-13 20:15:13,181 ] 160 root - INFO - Accuracy: 0.5731
Classification Report:
              precision    recall  f1-score   support

           0       0.47      0.08      0.13       211
           1       0.58      0.94      0.72       288

    accuracy                           0.57       499
   macro avg       0.53      0.51      0.42       499
weighted avg       0.53      0.57      0.47       499

ROC-AUC: 0.5387
Confusion Matrix:
[[ 16 195]
 [ 18 270]]
[ 2026-08-13 20:15:13,182 ] 104 root - INFO - Generating LSTM prediction for shape: (501, 30, 33)
[ 2026-08-13 20:15:13,274 ] 136 root - INFO - Evaluating LSTM model
[ 2026-08-13 20:15:13,285 ] 160 root - INFO - Accuracy: 0.4850
Classification Report:
              precision    recall  f1-score   support

           0       0.43      0.12      0.19       249
           1       0.49      0.85      0.62       252

    accuracy                           0.49       501
   macro avg       0.46      0.48      0.41       501
weighted avg       0.46      0.49      0.41       501

ROC-AUC: 0.4694
Confusion Matrix:
[[ 30 219]
 [ 39 213]]
