[ 2026-08-13 18:59:37,452 ] 22 root - INFO - Starting data preprocessing
[ 2026-08-13 18:59:37,465 ] 29 root - INFO - Train shape: (829, 35), Validataion shape: (177, 35), Test shape: (179, 35) 
[ 2026-08-13 18:59:37,484 ] 66 root - INFO - Feature scaling completed successfully
[ 2026-08-13 18:59:37,484 ] 20 root - INFO - Starting sequence creation
[ 2026-08-13 18:59:37,484 ] 22 root - INFO - Input x shape: (829, 33)
[ 2026-08-13 18:59:37,484 ] 23 root - INFO - Input y shape: (829,)
[ 2026-08-13 18:59:37,487 ] 46 root - INFO - Sequence creation completed
[ 2026-08-13 18:59:37,487 ] 50 root - INFO - X sequence shape: (799, 30, 33), Y sequence shape: (799,)
[ 2026-08-13 18:59:37,487 ] 80 root - INFO - Starting evaluation sequence creation
[ 2026-08-13 18:59:37,488 ] 122 root - INFO - Evaluation sequence shape: (177, 30, 33)
[ 2026-08-13 18:59:37,488 ] 127 root - INFO - Evaluation target shape: (177,)
[ 2026-08-13 18:59:37,488 ] 80 root - INFO - Starting evaluation sequence creation
[ 2026-08-13 18:59:37,489 ] 122 root - INFO - Evaluation sequence shape: (179, 30, 33)
[ 2026-08-13 18:59:37,489 ] 127 root - INFO - Evaluation target shape: (179,)
[ 2026-08-13 18:59:37,562 ] 464 tensorflow - WARNING - TensorFlow GPU support is not available on native Windows for TensorFlow >= 2.11. Even if CUDA/cuDNN are installed, GPU will not be used. Please use WSL2 or the TensorFlow-DirectML plugin.
[ 2026-08-13 18:59:37,564 ] 56 root - INFO - Starting LSTM model training
[ 2026-08-13 18:59:37,564 ] 60 root - INFO - Training input shape: (799, 30, 33)
[ 2026-08-13 18:59:37,564 ] 64 root - INFO - Validation input shape: (177, 30, 33)
[ 2026-08-13 18:59:40,810 ] 88 root - INFO - LSTM model training completed
[ 2026-08-13 18:59:40,810 ] 104 root - INFO - Generating LSTM prediction for shape: (177, 30, 33)
[ 2026-08-13 18:59:41,056 ] 136 root - INFO - Evaluating LSTM model
[ 2026-08-13 18:59:41,073 ] 160 root - INFO - Accuracy: 0.4802
Classification Report:
              precision    recall  f1-score   support

           0       0.41      0.47      0.44        77
           1       0.54      0.49      0.52       100

    accuracy                           0.48       177
   macro avg       0.48      0.48      0.48       177
weighted avg       0.49      0.48      0.48       177

ROC-AUC: 0.4717
Confusion Matrix:
[[36 41]
 [51 49]]
[ 2026-08-13 18:59:41,074 ] 104 root - INFO - Generating LSTM prediction for shape: (179, 30, 33)
[ 2026-08-13 18:59:41,144 ] 136 root - INFO - Evaluating LSTM model
[ 2026-08-13 18:59:41,154 ] 160 root - INFO - Accuracy: 0.5251
Classification Report:
              precision    recall  f1-score   support

           0       0.62      0.20      0.30        92
           1       0.51      0.87      0.64        87

    accuracy                           0.53       179
   macro avg       0.56      0.53      0.47       179
weighted avg       0.57      0.53      0.46       179

ROC-AUC: 0.5101
Confusion Matrix:
[[18 74]
 [11 76]]
