[ 2026-08-13 18:40:00,099 ] 22 root - INFO - Starting data preprocessing
[ 2026-08-13 18:40:00,116 ] 29 root - INFO - Train shape: (829, 35), Validataion shape: (177, 35), Test shape: (179, 35) 
[ 2026-08-13 18:40:00,140 ] 66 root - INFO - Feature scaling completed successfully
[ 2026-08-13 18:40:00,140 ] 13 root - INFO - Starting sequence creation
[ 2026-08-13 18:40:00,140 ] 15 root - INFO - Input x shape: (829, 33)
[ 2026-08-13 18:40:00,140 ] 17 root - INFO - Input y shape: (829,)
[ 2026-08-13 18:40:00,148 ] 39 root - INFO - Sequence creation completed
[ 2026-08-13 18:40:00,148 ] 41 root - INFO - X sequence shape: (799, 30, 33), Y sequence shape: (799,)
[ 2026-08-13 18:40:00,148 ] 13 root - INFO - Starting sequence creation
[ 2026-08-13 18:40:00,174 ] 15 root - INFO - Input x shape: (177, 33)
[ 2026-08-13 18:40:00,174 ] 17 root - INFO - Input y shape: (177,)
[ 2026-08-13 18:40:00,174 ] 39 root - INFO - Sequence creation completed
[ 2026-08-13 18:40:00,174 ] 41 root - INFO - X sequence shape: (147, 30, 33), Y sequence shape: (147,)
[ 2026-08-13 18:40:00,174 ] 13 root - INFO - Starting sequence creation
[ 2026-08-13 18:40:00,174 ] 15 root - INFO - Input x shape: (179, 33)
[ 2026-08-13 18:40:00,174 ] 17 root - INFO - Input y shape: (179,)
[ 2026-08-13 18:40:00,174 ] 39 root - INFO - Sequence creation completed
[ 2026-08-13 18:40:00,174 ] 41 root - INFO - X sequence shape: (149, 30, 33), Y sequence shape: (149,)
[ 2026-08-13 18:40:00,286 ] 464 tensorflow - WARNING - TensorFlow GPU support is not available on native Windows for TensorFlow >= 2.11. Even if CUDA/cuDNN are installed, GPU will not be used. Please use WSL2 or the TensorFlow-DirectML plugin.
[ 2026-08-13 18:40:00,286 ] 55 root - INFO - Starting LSTM model training
[ 2026-08-13 18:40:00,286 ] 59 root - INFO - Training input shape: (799, 30, 33)
[ 2026-08-13 18:40:00,286 ] 63 root - INFO - Validation input shape: (147, 30, 33)
[ 2026-08-13 18:40:13,121 ] 80 root - INFO - LSTM model training completed
[ 2026-08-13 18:40:13,121 ] 96 root - INFO - Generating LSTM prediction for shape: (147, 30, 33)
[ 2026-08-13 18:40:13,527 ] 128 root - INFO - Evaluating LSTM model
[ 2026-08-13 18:40:13,590 ] 152 root - INFO - Accuracy: 0.5034
Classification Report:
              precision    recall  f1-score   support

           0       0.45      0.52      0.48        66
           1       0.56      0.49      0.52        81

    accuracy                           0.50       147
   macro avg       0.50      0.50      0.50       147
weighted avg       0.51      0.50      0.50       147

ROC-AUC: 0.4817
Confusion Matrix:
[[34 32]
 [41 40]]
[ 2026-08-13 18:40:13,591 ] 96 root - INFO - Generating LSTM prediction for shape: (149, 30, 33)
[ 2026-08-13 18:40:13,698 ] 128 root - INFO - Evaluating LSTM model
[ 2026-08-13 18:40:13,716 ] 152 root - INFO - Accuracy: 0.4832
Classification Report:
              precision    recall  f1-score   support

           0       0.48      0.49      0.48        74
           1       0.49      0.48      0.48        75

    accuracy                           0.48       149
   macro avg       0.48      0.48      0.48       149
weighted avg       0.48      0.48      0.48       149

ROC-AUC: 0.4982
Confusion Matrix:
[[36 38]
 [39 36]]
