[ 2026-08-13 18:04:39,484 ] 22 root - INFO - Starting data preprocessing
[ 2026-08-13 18:04:39,505 ] 29 root - INFO - Train shape: (829, 35), Validataion shape: (177, 35), Test shape: (179, 35) 
[ 2026-08-13 18:04:39,534 ] 66 root - INFO - Feature scaling completed successfully
[ 2026-08-13 18:04:39,534 ] 13 root - INFO - Starting sequence creation
[ 2026-08-13 18:04:39,534 ] 15 root - INFO - Input x shape: (829, 33)
[ 2026-08-13 18:04:39,534 ] 17 root - INFO - Input y shape: (829,)
[ 2026-08-13 18:04:39,541 ] 39 root - INFO - Sequence creation completed
[ 2026-08-13 18:04:39,542 ] 41 root - INFO - X sequence shape: (799, 30, 33), Y sequence shape: (799,)
[ 2026-08-13 18:04:39,542 ] 13 root - INFO - Starting sequence creation
[ 2026-08-13 18:04:39,565 ] 15 root - INFO - Input x shape: (177, 33)
[ 2026-08-13 18:04:39,565 ] 17 root - INFO - Input y shape: (177,)
[ 2026-08-13 18:04:39,566 ] 39 root - INFO - Sequence creation completed
[ 2026-08-13 18:04:39,566 ] 41 root - INFO - X sequence shape: (147, 30, 33), Y sequence shape: (147,)
[ 2026-08-13 18:04:39,566 ] 13 root - INFO - Starting sequence creation
[ 2026-08-13 18:04:39,566 ] 15 root - INFO - Input x shape: (179, 33)
[ 2026-08-13 18:04:39,566 ] 17 root - INFO - Input y shape: (179,)
[ 2026-08-13 18:04:39,567 ] 39 root - INFO - Sequence creation completed
[ 2026-08-13 18:04:39,567 ] 41 root - INFO - X sequence shape: (149, 30, 33), Y sequence shape: (149,)
[ 2026-08-13 18:04:39,567 ] 29 root - INFO - starting XGBoost training
[ 2026-08-13 18:04:39,567 ] 31 root - INFO - Training shape: (799, 33)
[ 2026-08-13 18:04:39,896 ] 38 root - INFO - XGBoost model training completed
[ 2026-08-13 18:04:39,896 ] 48 root - INFO - Generating XGBoost prediction for shape: (147, 33)
[ 2026-08-13 18:04:39,928 ] 72 root - INFO - Evaluating XGBoost model
[ 2026-08-13 18:04:39,970 ] 96 root - INFO - Accuracy: 0.4354
Classification Report:
              precision    recall  f1-score   support

           0       0.38      0.42      0.40        66
           1       0.49      0.44      0.46        81

    accuracy                           0.44       147
   macro avg       0.44      0.43      0.43       147
weighted avg       0.44      0.44      0.44       147

ROC-AUC: 0.4390
Confusion Matrix:
[[28 38]
 [45 36]]
[ 2026-08-13 18:04:39,970 ] 48 root - INFO - Generating XGBoost prediction for shape: (149, 33)
[ 2026-08-13 18:04:39,971 ] 72 root - INFO - Evaluating XGBoost model
[ 2026-08-13 18:04:40,001 ] 96 root - INFO - Accuracy: 0.5436
Classification Report:
              precision    recall  f1-score   support

           0       0.55      0.46      0.50        74
           1       0.54      0.63      0.58        75

    accuracy                           0.54       149
   macro avg       0.54      0.54      0.54       149
weighted avg       0.54      0.54      0.54       149

ROC-AUC: 0.5867
Confusion Matrix:
[[34 40]
 [28 47]]
