[ 2026-08-13 12:59:34,373 ] 22 root - INFO - Starting feature engineering
[ 2026-08-13 12:59:34,374 ] 307 root - ERROR - Error ocurred during festure engineering
Traceback (most recent call last):
  File "D:\MarketPulse-AI\MarketPulse_AI_project\components\feature_engineering.py", line 24, in initiate_feature_engineering
    df = pd.read_csv(
         ^^^^^^^^^^^^
  File "D:\MarketPulse-AI\venv\Lib\site-packages\pandas\io\parsers\readers.py", line 873, in read_csv
    return _read(filepath_or_buffer, kwds)
           ^^^^^^^^^^^^^^^^^^^^^^^^^^^^^^^
  File "D:\MarketPulse-AI\venv\Lib\site-packages\pandas\io\parsers\readers.py", line 300, in _read
    parser = TextFileReader(filepath_or_buffer, **kwds)
             ^^^^^^^^^^^^^^^^^^^^^^^^^^^^^^^^^^^^^^^^^^
  File "D:\MarketPulse-AI\venv\Lib\site-packages\pandas\io\parsers\readers.py", line 1645, in __init__
    self._engine = self._make_engine(f, self.engine)
                   ^^^^^^^^^^^^^^^^^^^^^^^^^^^^^^^^^
  File "D:\MarketPulse-AI\venv\Lib\site-packages\pandas\io\parsers\readers.py", line 1904, in _make_engine
    self.handles = get_handle(
                   ^^^^^^^^^^^
  File "D:\MarketPulse-AI\venv\Lib\site-packages\pandas\io\common.py", line 776, in get_handle
    ioargs = _get_filepath_or_buffer(
             ^^^^^^^^^^^^^^^^^^^^^^^^
  File "D:\MarketPulse-AI\venv\Lib\site-packages\pandas\io\common.py", line 496, in _get_filepath_or_buffer
    raise ValueError(msg)
ValueError: Invalid file path or buffer object type: <class 'MarketPulse_AI_project.components.data_transformation.DataTransformation'>
