[ 2026-08-13 17:38:13,661 ] 22 root - INFO - Starting data preprocessing
[ 2026-08-13 17:38:13,682 ] 29 root - INFO - Train shape: (829, 35), Validataion shape: (177, 35), Test shape: (179, 35) 
[ 2026-08-13 17:38:13,712 ] 66 root - INFO - Feature scaling completed successfully
[ 2026-08-13 17:38:13,712 ] 13 root - INFO - Starting sequence creation
[ 2026-08-13 17:38:13,713 ] 15 root - INFO - Input x shape: (829, 33)
[ 2026-08-13 17:38:13,713 ] 17 root - INFO - Input y shape: (829,)
[ 2026-08-13 17:38:13,716 ] 39 root - INFO - Sequence creation completed
[ 2026-08-13 17:38:13,716 ] 41 root - INFO - X sequence shape: (799, 30, 33), Y sequence shape: (799,)
[ 2026-08-13 17:38:13,716 ] 13 root - INFO - Starting sequence creation
[ 2026-08-13 17:38:13,740 ] 15 root - INFO - Input x shape: (177, 33)
[ 2026-08-13 17:38:13,740 ] 17 root - INFO - Input y shape: (177,)
[ 2026-08-13 17:38:13,741 ] 39 root - INFO - Sequence creation completed
[ 2026-08-13 17:38:13,741 ] 41 root - INFO - X sequence shape: (147, 30, 33), Y sequence shape: (147,)
[ 2026-08-13 17:38:13,741 ] 13 root - INFO - Starting sequence creation
[ 2026-08-13 17:38:13,741 ] 15 root - INFO - Input x shape: (179, 33)
[ 2026-08-13 17:38:13,741 ] 17 root - INFO - Input y shape: (179,)
[ 2026-08-13 17:38:13,742 ] 39 root - INFO - Sequence creation completed
[ 2026-08-13 17:38:13,742 ] 41 root - INFO - X sequence shape: (149, 30, 33), Y sequence shape: (149,)
[ 2026-08-13 17:38:13,742 ] 23 root - INFO - Starting baseline model training
[ 2026-08-13 17:38:13,742 ] 25 root - INFO - Training input shape: (799, 33)
[ 2026-08-13 17:38:13,779 ] 32 root - INFO - Baseline model Training Completed
[ 2026-08-13 17:38:13,779 ] 44 root - INFO - Generating prediction for shape: (147, 33)
[ 2026-08-13 17:38:13,780 ] 69 root - INFO - Evaluating the baseline model
[ 2026-08-13 17:38:13,798 ] 93 root - INFO - Accuracy: 0.5306122448979592, Classification Report:               precision    recall  f1-score   support

           0       0.47      0.38      0.42        66
           1       0.56      0.65      0.61        81

    accuracy                           0.53       147
   macro avg       0.52      0.52      0.51       147
weighted avg       0.52      0.53      0.52       147
, ROC-AUC: 
0.4828, Confusion matrix: 
[[25 41]
 [28 53]]
[ 2026-08-13 17:38:13,799 ] 44 root - INFO - Generating prediction for shape: (149, 33)
[ 2026-08-13 17:38:13,800 ] 69 root - INFO - Evaluating the baseline model
[ 2026-08-13 17:38:13,824 ] 93 root - INFO - Accuracy: 0.4429530201342282, Classification Report:               precision    recall  f1-score   support

           0       0.45      0.54      0.49        74
           1       0.43      0.35      0.39        75

    accuracy                           0.44       149
   macro avg       0.44      0.44      0.44       149
weighted avg       0.44      0.44      0.44       149
, ROC-AUC: 
0.4409, Confusion matrix: 
[[40 34]
 [49 26]]
