[ 2026-08-13 17:42:57,315 ] 22 root - INFO - Starting data preprocessing
[ 2026-08-13 17:42:57,329 ] 29 root - INFO - Train shape: (829, 35), Validataion shape: (177, 35), Test shape: (179, 35) 
[ 2026-08-13 17:42:57,361 ] 66 root - INFO - Feature scaling completed successfully
[ 2026-08-13 17:42:57,361 ] 13 root - INFO - Starting sequence creation
[ 2026-08-13 17:42:57,361 ] 15 root - INFO - Input x shape: (829, 33)
[ 2026-08-13 17:42:57,361 ] 17 root - INFO - Input y shape: (829,)
[ 2026-08-13 17:42:57,361 ] 39 root - INFO - Sequence creation completed
[ 2026-08-13 17:42:57,361 ] 41 root - INFO - X sequence shape: (799, 30, 33), Y sequence shape: (799,)
[ 2026-08-13 17:42:57,361 ] 13 root - INFO - Starting sequence creation
[ 2026-08-13 17:42:57,369 ] 15 root - INFO - Input x shape: (177, 33)
[ 2026-08-13 17:42:57,369 ] 17 root - INFO - Input y shape: (177,)
[ 2026-08-13 17:42:57,369 ] 39 root - INFO - Sequence creation completed
[ 2026-08-13 17:42:57,372 ] 41 root - INFO - X sequence shape: (147, 30, 33), Y sequence shape: (147,)
[ 2026-08-13 17:42:57,372 ] 13 root - INFO - Starting sequence creation
[ 2026-08-13 17:42:57,372 ] 15 root - INFO - Input x shape: (179, 33)
[ 2026-08-13 17:42:57,372 ] 17 root - INFO - Input y shape: (179,)
[ 2026-08-13 17:42:57,372 ] 39 root - INFO - Sequence creation completed
[ 2026-08-13 17:42:57,372 ] 41 root - INFO - X sequence shape: (149, 30, 33), Y sequence shape: (149,)
[ 2026-08-13 17:42:57,372 ] 24 root - INFO - Starting baseline model training
[ 2026-08-13 17:42:57,372 ] 26 root - INFO - Training input shape: (799, 33)
[ 2026-08-13 17:42:57,960 ] 33 root - INFO - Baseline model Training Completed
[ 2026-08-13 17:42:57,960 ] 45 root - INFO - Generating prediction for shape: (147, 33)
[ 2026-08-13 17:42:58,121 ] 70 root - INFO - Evaluating the baseline model
[ 2026-08-13 17:42:58,143 ] 94 root - INFO - Accuracy: 0.4489795918367347, Classification Report:               precision    recall  f1-score   support

           0       0.41      0.53      0.46        66
           1       0.50      0.38      0.43        81

    accuracy                           0.45       147
   macro avg       0.46      0.46      0.45       147
weighted avg       0.46      0.45      0.45       147
, ROC-AUC: 
0.4345, Confusion matrix: 
[[35 31]
 [50 31]]
[ 2026-08-13 17:42:58,143 ] 45 root - INFO - Generating prediction for shape: (149, 33)
[ 2026-08-13 17:42:58,309 ] 70 root - INFO - Evaluating the baseline model
[ 2026-08-13 17:42:58,339 ] 94 root - INFO - Accuracy: 0.5369127516778524, Classification Report:               precision    recall  f1-score   support

           0       0.53      0.59      0.56        74
           1       0.55      0.48      0.51        75

    accuracy                           0.54       149
   macro avg       0.54      0.54      0.54       149
weighted avg       0.54      0.54      0.54       149
, ROC-AUC: 
0.5050, Confusion matrix: 
[[44 30]
 [39 36]]
